[design-vary-312059.framer.app/index.html]
[backblue.gif]
[fade.gif]
[index.html]
[framerusercontent.com/images/vxvDGJfRcbcDb0lR3lt36eNKlo.png]
[framerusercontent.com/images/qxJATkOMxUvBl5XdjT8nwQmh4.png]
[framerusercontent.com/sites/7A4a0iHQYhRcRP4wfjx7Oo/chunk-ST5PKEEF.mjs]
[framerusercontent.com/sites/7A4a0iHQYhRcRP4wfjx7Oo/chunk-ELYU6EKT.mjs]
[framerusercontent.com/sites/7A4a0iHQYhRcRP4wfjx7Oo/chunk-X5MV5DBS.mjs]
[framerusercontent.com/sites/7A4a0iHQYhRcRP4wfjx7Oo/y2ngd7R9XiChdImEAWZ8kygVdwarrTLABxNsm8LUTJs.ZD7MYT6L.mjs]
[framerusercontent.com/sites/7A4a0iHQYhRcRP4wfjx7Oo/chunk-W2STWKD3.mjs]
[framerusercontent.com/sites/7A4a0iHQYhRcRP4wfjx7Oo/chunk-TSJJ5V3Y.mjs]
[framerusercontent.com/sites/7A4a0iHQYhRcRP4wfjx7Oo/chunk-4MSY5NQF.mjs]
[framerusercontent.com/sites/7A4a0iHQYhRcRP4wfjx7Oo/chunk-IHZVCPO3.mjs]
[framerusercontent.com/sites/7A4a0iHQYhRcRP4wfjx7Oo/chunk-42U43NKG.mjs]
[design-vary-312059.framer.app/photos.html]
[design-vary-312059.framer.app/writing.html]
[framerusercontent.com/images/IWIFvcLLNHzK0SnHH8DrgAiQ5WQ.png]
[framerusercontent.com/images/dPyjLWwHaMrdwUW14HL2IZVm04.png]
[framerusercontent.com/images/2hSRAijH0tvZ9ntuhu7Jlx16iYI.png]
[design-vary-312059.framer.app/index.html]
[fonts.gstatic.com/index.html]
[framerusercontent.com/sites/7A4a0iHQYhRcRP4wfjx7Oo/iKbYre_S8jr5PHJh4TNHxga2OQIb80EwKNCiNH1EvfI.RFD3I3CF.mjs]
[framerusercontent.com/sites/7A4a0iHQYhRcRP4wfjx7Oo/chunk-HFU6NJ26.mjs]
[design-vary-312059.framer.app/writing/30-poems-about-life/de-que-seria.html]
[framerusercontent.com/images/zNAGSqzNKD5s2QSjHK6KM42gfw.jpg]
[framerusercontent.com/images/0PsK2GsxUV8pvUGMjhwZ7WpeU.jpg]
[design-vary-312059.framer.app/writing/30-poems-about-life/dualidad.html]
[design-vary-312059.framer.app/writing/30-poems-about-life/mama.html]
[framerusercontent.com/images/DAwfJMGmKcQ9dmFkJHr1ZQsS0I.png]
[design-vary-312059.framer.app/writing/30-poems-about-life/perdon.html]
[framerusercontent.com/images/3RRVZKFUIywKg9AugTMQcmNpyo.jpg]
[design-vary-312059.framer.app/writing/30-poems-about-life/receta.html]
[framerusercontent.com/images/xbaKDs2oThpDFlQtFrItzOVyU.jpg]
[design-vary-312059.framer.app/writing/30-poems-about-life/tiempo.html]
[framerusercontent.com/images/fCwY2MFdjXWmjlbW7GLGGgPzqo.jpg]
[framerusercontent.com/images/rTsCctBAxFBmHpY8oURuWLw24a3fc.jpg]
[framerusercontent.com/images/SlqjKnS2mAgqBrvgSTBLnEpsr84a3fc.jpg]
[framerusercontent.com/images/zPsJXu6wrs77SRmduJ7pHNuxoXM.jpg]
[framerusercontent.com/images/oRu9KTXF7MdBy7lsF5ATWDvmxPYa3fc.jpg]
[framerusercontent.com/images/oRu9KTXF7MdBy7lsF5ATWDvmxPY9ae5.jpg]
[framerusercontent.com/images/rNlkYAAGr6ZCw45ldjSMEF6EFMga3fc.jpg]
[framerusercontent.com/images/7lCA3Tk71aYfogoLtzphMJyg2AAa3fc.jpg]
[framerusercontent.com/images/dEnhVKB5xcqlAjO5EnEA7Xc9ae5.jpg]
[framerusercontent.com/images/OW5PkJAFwp4YeHK8ZxoiDQekcwYa3fc.jpg]
[framerusercontent.com/images/LWGdKlr4BUnnWpEZj4iUElUv0a3fc.jpg]
[framerusercontent.com/images/unQxQ6oO9fQpbV6ewxjOW1xpd8a3fc.jpg]
[framerusercontent.com/images/tEfOroVcqxGBS3XmglWlqp6ySM0a3fc.jpg]
[framerusercontent.com/images/akiLsknBcp0hrSnQDN3x9STrICoa3fc.jpg]
[framerusercontent.com/images/akiLsknBcp0hrSnQDN3x9STrICo9ae5.jpg]
[framerusercontent.com/images/0DxhbgKTNEeH2Cab6En9fPWukga3fc.jpg]
[framerusercontent.com/images/0DxhbgKTNEeH2Cab6En9fPWukg9ae5.jpg]
[framerusercontent.com/images/RMBlezHcyhvutVw8XmA1OqGVBvUa3fc.jpg]
[framerusercontent.com/images/PjvXLg95oNSRJBVweAwzE2jNcUwa3fc.jpg]
[framerusercontent.com/images/PjvXLg95oNSRJBVweAwzE2jNcUw9ae5.jpg]
[framerusercontent.com/images/YiBSnC1C8wRNjAgrRviGH7YOOIa3fc.jpg]
[framerusercontent.com/images/PqDx7J1iw6ybtUtRxjUo6qTF6L8a3fc.jpg]
[design-vary-312059.framer.app/photos.html]
[framerusercontent.com/sites/7A4a0iHQYhRcRP4wfjx7Oo/UG_tPOUytO7lFq01EwV7RxndCc1Ony64_mPZ9kaTePk.UT5B277L.mjs]
[framerusercontent.com/sites/7A4a0iHQYhRcRP4wfjx7Oo/chunk-DJ4UZC7B.mjs]
[design-vary-312059.framer.app/writing.html]
[design-vary-312059.framer.app/writing/30-poems-about-life.html]
[framerusercontent.com/sites/7A4a0iHQYhRcRP4wfjx7Oo/unYoOQOkrD5PcvqQ2AQVl4Iw5ejHapR7Z-l0yyblpkI.JQAFU33Z.mjs]
[framerusercontent.com/sites/7A4a0iHQYhRcRP4wfjx7Oo/chunk-QSPEQOKW.mjs]
[framerusercontent.com/sites/7A4a0iHQYhRcRP4wfjx7Oo/chunk-JBQ4CWSO.mjs]
[framerusercontent.com/sites/7A4a0iHQYhRcRP4wfjx7Oo/chunk-32RK6AIG.mjs]
[framerusercontent.com/images/pI33Q2AVoigXqOEJXpiLWwvcxp0.jpg]
[design-vary-312059.framer.app/writing/30-poems-about-life/de-que-seria.html]
[design-vary-312059.framer.app/writing/30-poems-about-life/dualidad.html]
[design-vary-312059.framer.app/writing/30-poems-about-life/mama.html]
[framerusercontent.com/images/xkG0UCHjEFSQufLV3LuHaGCAdI.jpg]
[design-vary-312059.framer.app/writing/30-poems-about-life/perdon.html]
[design-vary-312059.framer.app/writing/30-poems-about-life/receta.html]
[design-vary-312059.framer.app/writing/30-poems-about-life/tiempo.html]
[framerusercontent.com/sites/7A4a0iHQYhRcRP4wfjx7Oo/LIBQQRaCKp9kw6uZlimWaiPUG0nNPHE2QZIp2Hvw39c.RXIJCN5B.mjs]
[framerusercontent.com/sites/7A4a0iHQYhRcRP4wfjx7Oo/chunk-FKLXKVRK.mjs]
[design-vary-312059.framer.app/writing/30-poems-about-life/el-alma.html]
[framerusercontent.com/images/GCmTs69OcS9gGWcv51ZNQCxi2mU.jpg]
[design-vary-312059.framer.app/writing/30-poems-about-life/sin-las.html]
[framerusercontent.com/images/KwTMOUEAwoh4mcSsrxljqE2TVGw.jpg]
[design-vary-312059.framer.app/writing/30-poems-about-life/matematicas.html]
[framerusercontent.com/images/VBy7AFycfSxCRwDB4qmiKWMR80.jpg]
[design-vary-312059.framer.app/writing/30-poems-about-life/que-idiota.html]
[framerusercontent.com/images/rXFADi8fDoMLPvXycuvwQHCcuAk.png]
[design-vary-312059.framer.app/writing/30-poems-about-life/el-amor-murio.html]
[framerusercontent.com/images/lEZTiOTaWM6TIzhTZOqFNlqdfFo.jpg]
[design-vary-312059.framer.app/writing/30-poems-about-life/acabo.html]
[framerusercontent.com/images/rjpaxlaPzCtcHEz1HC97NpDN5E.jpg]
[design-vary-312059.framer.app/writing/30-poems-about-life/por-que.html]
[framerusercontent.com/images/mt7mLOVveayDHXdYkmXey1d2PE.jpg]
[design-vary-312059.framer.app/writing/30-poems-about-life/una-enfermedad.html]
[framerusercontent.com/images/p2tZKT55GUqXG1rmOPGGJwoII.jpg]
[design-vary-312059.framer.app/writing/30-poems-about-life/con-ella.html]
[framerusercontent.com/images/VuGd9oI8qgxlJCQpnwXNoI2E.jpg]
[design-vary-312059.framer.app/writing/30-poems-about-life/poema.html]
[framerusercontent.com/images/oBlZL8s8nECEKK5R7PENs3Jwho.jpg]
[design-vary-312059.framer.app/writing/30-poems-about-life/una-cancion-de-salsa.html]
[framerusercontent.com/images/phjPLDOMBJyzkRLUBGKXzJBBn8Y.jpg]
[design-vary-312059.framer.app/writing/30-poems-about-life/nunca.html]
[framerusercontent.com/images/uYAZOiQPuKI7ZC4NrX28RovGMBc.jpg]
[design-vary-312059.framer.app/writing/30-poems-about-life/lluvia.html]
[framerusercontent.com/images/KNAAOVk9xLqZfUb2v6t5W5UWFE.jpg]
[design-vary-312059.framer.app/writing/30-poems-about-life/testigo.html]
[design-vary-312059.framer.app/writing/30-poems-about-life/presencia.html]
[framerusercontent.com/images/8V2uYfBiqU7rFnAxaDkK3oZcU.jpg]
[design-vary-312059.framer.app/writing/30-poems-about-life/cura.html]
[framerusercontent.com/images/TcDW6mM2CmXsv6jxxaOKtci3Y94.png]
[design-vary-312059.framer.app/writing/30-poems-about-life/perdido.html]
[framerusercontent.com/images/6YCu8oaFIM3XGThWneAqIWx8g8.jpg]
[design-vary-312059.framer.app/writing/30-poems-about-life/rico.html]
[framerusercontent.com/images/Tx1NZIowD5U1VBRcFFcOFSZKM.jpg]
[design-vary-312059.framer.app/writing/30-poems-about-life/mente-y-alma.html]
[framerusercontent.com/images/HKRhjFDezYYTXIsOl9ENTonFj4.jpg]
[design-vary-312059.framer.app/writing/30-poems-about-life/ciencia.html]
[framerusercontent.com/images/IafuUgd51EExmxaXyGbmAZzjL8Q.jpg]
[design-vary-312059.framer.app/writing/30-poems-about-life/hoy.html]
[framerusercontent.com/images/gG6vQzZrgICYi13j4kzH4mjSvQ.jpg]
[design-vary-312059.framer.app/writing/30-poems-about-life/te-amo.html]
[framerusercontent.com/images/MdigfX7FboESmQW8MPRkgl7MviM.jpg]
[design-vary-312059.framer.app/writing/30-poems-about-life/lo-que-poseo.html]
[framerusercontent.com/images/p2VWHJj1uAc8moaNDHAmb1SIU.jpg]
[design-vary-312059.framer.app/writing/30-poems-about-life/poeta.html]
[framerusercontent.com/images/QLlveGLfqDwqJXNtVTGfD52vyRc.jpg]
[design-vary-312059.framer.app/writing/30-poems-about-life.html]
[design-vary-312059.framer.app/writing/30-poems-about-life/el-alma.html]
[design-vary-312059.framer.app/writing/30-poems-about-life/sin-las.html]
[design-vary-312059.framer.app/writing/30-poems-about-life/matematicas.html]
[design-vary-312059.framer.app/writing/30-poems-about-life/que-idiota.html]
[design-vary-312059.framer.app/writing/30-poems-about-life/el-amor-murio.html]
[design-vary-312059.framer.app/writing/30-poems-about-life/acabo.html]
[design-vary-312059.framer.app/writing/30-poems-about-life/por-que.html]
[design-vary-312059.framer.app/writing/30-poems-about-life/una-enfermedad.html]
[design-vary-312059.framer.app/writing/30-poems-about-life/con-ella.html]
[design-vary-312059.framer.app/writing/30-poems-about-life/poema.html]
[design-vary-312059.framer.app/writing/30-poems-about-life/una-cancion-de-salsa.html]
[design-vary-312059.framer.app/writing/30-poems-about-life/nunca.html]
[design-vary-312059.framer.app/writing/30-poems-about-life/lluvia.html]
[design-vary-312059.framer.app/writing/30-poems-about-life/testigo.html]
[design-vary-312059.framer.app/writing/30-poems-about-life/presencia.html]
[design-vary-312059.framer.app/writing/30-poems-about-life/cura.html]
[design-vary-312059.framer.app/writing/30-poems-about-life/perdido.html]
[design-vary-312059.framer.app/writing/30-poems-about-life/rico.html]
[design-vary-312059.framer.app/writing/30-poems-about-life/mente-y-alma.html]
[design-vary-312059.framer.app/writing/30-poems-about-life/ciencia.html]
[design-vary-312059.framer.app/writing/30-poems-about-life/hoy.html]
[design-vary-312059.framer.app/writing/30-poems-about-life/te-amo.html]
[design-vary-312059.framer.app/writing/30-poems-about-life/lo-que-poseo.html]
[design-vary-312059.framer.app/writing/30-poems-about-life/poeta.html]
[framerusercontent.com/sites/7A4a0iHQYhRcRP4wfjx7Oo/chunk-4MSY5NQF.mjs]
[framerusercontent.com/sites/7A4a0iHQYhRcRP4wfjx7Oo/chunk-X5MV5DBS.mjs]
[framerusercontent.com/images/IWIFvcLLNHzK0SnHH8DrgAiQ5WQ.png]
[framerusercontent.com/images/dPyjLWwHaMrdwUW14HL2IZVm04.png]
[framerusercontent.com/images/2hSRAijH0tvZ9ntuhu7Jlx16iYI.png]
[framerusercontent.com/sites/7A4a0iHQYhRcRP4wfjx7Oo/iKbYre_S8jr5PHJh4TNHxga2OQIb80EwKNCiNH1EvfI.RFD3I3CF.mjs]
[framerusercontent.com/images/zNAGSqzNKD5s2QSjHK6KM42gfw.jpg]
[framerusercontent.com/images/0PsK2GsxUV8pvUGMjhwZ7WpeU.jpg]
[framerusercontent.com/images/DAwfJMGmKcQ9dmFkJHr1ZQsS0I.png]
[framerusercontent.com/images/3RRVZKFUIywKg9AugTMQcmNpyo.jpg]
[framerusercontent.com/images/xbaKDs2oThpDFlQtFrItzOVyU.jpg]
[framerusercontent.com/images/fCwY2MFdjXWmjlbW7GLGGgPzqo.jpg]
[framerusercontent.com/images/rTsCctBAxFBmHpY8oURuWLw24a3fc.jpg]
[framerusercontent.com/images/SlqjKnS2mAgqBrvgSTBLnEpsr84a3fc.jpg]
[framerusercontent.com/images/zPsJXu6wrs77SRmduJ7pHNuxoXM.jpg]
[framerusercontent.com/images/oRu9KTXF7MdBy7lsF5ATWDvmxPYa3fc.jpg]
[framerusercontent.com/images/oRu9KTXF7MdBy7lsF5ATWDvmxPY9ae5.jpg]
[framerusercontent.com/images/rNlkYAAGr6ZCw45ldjSMEF6EFMga3fc.jpg]
[framerusercontent.com/images/7lCA3Tk71aYfogoLtzphMJyg2AAa3fc.jpg]
[framerusercontent.com/images/dEnhVKB5xcqlAjO5EnEA7Xc9ae5.jpg]
[framerusercontent.com/images/OW5PkJAFwp4YeHK8ZxoiDQekcwYa3fc.jpg]
[framerusercontent.com/images/LWGdKlr4BUnnWpEZj4iUElUv0a3fc.jpg]
[framerusercontent.com/images/unQxQ6oO9fQpbV6ewxjOW1xpd8a3fc.jpg]
[framerusercontent.com/images/tEfOroVcqxGBS3XmglWlqp6ySM0a3fc.jpg]
[framerusercontent.com/images/akiLsknBcp0hrSnQDN3x9STrICoa3fc.jpg]
[framerusercontent.com/images/akiLsknBcp0hrSnQDN3x9STrICo9ae5.jpg]
[framerusercontent.com/images/0DxhbgKTNEeH2Cab6En9fPWukga3fc.jpg]
[framerusercontent.com/images/0DxhbgKTNEeH2Cab6En9fPWukg9ae5.jpg]
[framerusercontent.com/images/RMBlezHcyhvutVw8XmA1OqGVBvUa3fc.jpg]
[framerusercontent.com/images/PjvXLg95oNSRJBVweAwzE2jNcUwa3fc.jpg]
[design-vary-312059.framer.app/writing/30-poems-about-life/dualidad.html]
[design-vary-312059.framer.app/writing/30-poems-about-life/mama.html]
[design-vary-312059.framer.app/writing/30-poems-about-life/perdon.html]
[design-vary-312059.framer.app/writing/30-poems-about-life/receta.html]
[design-vary-312059.framer.app/writing/30-poems-about-life/tiempo.html]
[framerusercontent.com/sites/7A4a0iHQYhRcRP4wfjx7Oo/chunk-QSPEQOKW.mjs]
[framerusercontent.com/sites/7A4a0iHQYhRcRP4wfjx7Oo/chunk-JBQ4CWSO.mjs]
[framerusercontent.com/sites/7A4a0iHQYhRcRP4wfjx7Oo/chunk-32RK6AIG.mjs]
[framerusercontent.com/images/pI33Q2AVoigXqOEJXpiLWwvcxp0.jpg]
[framerusercontent.com/images/xkG0UCHjEFSQufLV3LuHaGCAdI.jpg]
[framerusercontent.com/images/GCmTs69OcS9gGWcv51ZNQCxi2mU.jpg]
[framerusercontent.com/images/VBy7AFycfSxCRwDB4qmiKWMR80.jpg]
[framerusercontent.com/images/KwTMOUEAwoh4mcSsrxljqE2TVGw.jpg]
[framerusercontent.com/images/rXFADi8fDoMLPvXycuvwQHCcuAk.png]
[framerusercontent.com/images/lEZTiOTaWM6TIzhTZOqFNlqdfFo.jpg]
[framerusercontent.com/images/rjpaxlaPzCtcHEz1HC97NpDN5E.jpg]
[framerusercontent.com/images/mt7mLOVveayDHXdYkmXey1d2PE.jpg]
[framerusercontent.com/images/p2tZKT55GUqXG1rmOPGGJwoII.jpg]
[framerusercontent.com/images/VuGd9oI8qgxlJCQpnwXNoI2E.jpg]
[framerusercontent.com/images/oBlZL8s8nECEKK5R7PENs3Jwho.jpg]
[framerusercontent.com/images/phjPLDOMBJyzkRLUBGKXzJBBn8Y.jpg]
[framerusercontent.com/images/uYAZOiQPuKI7ZC4NrX28RovGMBc.jpg]
[framerusercontent.com/images/KNAAOVk9xLqZfUb2v6t5W5UWFE.jpg]
[framerusercontent.com/images/8V2uYfBiqU7rFnAxaDkK3oZcU.jpg]
[framerusercontent.com/images/TcDW6mM2CmXsv6jxxaOKtci3Y94.png]
[framerusercontent.com/images/6YCu8oaFIM3XGThWneAqIWx8g8.jpg]
[framerusercontent.com/images/Tx1NZIowD5U1VBRcFFcOFSZKM.jpg]
[framerusercontent.com/images/HKRhjFDezYYTXIsOl9ENTonFj4.jpg]
[framerusercontent.com/images/IafuUgd51EExmxaXyGbmAZzjL8Q.jpg]
[framerusercontent.com/images/gG6vQzZrgICYi13j4kzH4mjSvQ.jpg]
[framerusercontent.com/images/p2VWHJj1uAc8moaNDHAmb1SIU.jpg]
[framerusercontent.com/images/MdigfX7FboESmQW8MPRkgl7MviM.jpg]
[framerusercontent.com/images/QLlveGLfqDwqJXNtVTGfD52vyRc.jpg]
[framerusercontent.com/sites/7A4a0iHQYhRcRP4wfjx7Oo/chunk-W2STWKD3.mjs]
[framerusercontent.com/sites/7A4a0iHQYhRcRP4wfjx7Oo/chunk-IHZVCPO3.mjs]
[framerusercontent.com/sites/7A4a0iHQYhRcRP4wfjx7Oo/LIBQQRaCKp9kw6uZlimWaiPUG0nNPHE2QZIp2Hvw39c.RXIJCN5B.mjs]
[framerusercontent.com/sites/7A4a0iHQYhRcRP4wfjx7Oo/chunk-HFU6NJ26.mjs]
[framerusercontent.com/sites/7A4a0iHQYhRcRP4wfjx7Oo/chunk-DJ4UZC7B.mjs]
[design-vary-312059.framer.app/writing/30-poems-about-life/sin-las.html]
[design-vary-312059.framer.app/writing/30-poems-about-life/matematicas.html]
[design-vary-312059.framer.app/writing/30-poems-about-life/que-idiota.html]
[design-vary-312059.framer.app/writing/30-poems-about-life/el-amor-murio.html]
[design-vary-312059.framer.app/writing/30-poems-about-life/acabo.html]
[design-vary-312059.framer.app/writing/30-poems-about-life/por-que.html]
[design-vary-312059.framer.app/writing/30-poems-about-life/una-enfermedad.html]
[design-vary-312059.framer.app/writing/30-poems-about-life/con-ella.html]
[design-vary-312059.framer.app/writing/30-poems-about-life/poema.html]
[design-vary-312059.framer.app/writing/30-poems-about-life/una-cancion-de-salsa.html]
[design-vary-312059.framer.app/writing/30-poems-about-life/nunca.html]
[design-vary-312059.framer.app/writing/30-poems-about-life/lluvia.html]
[design-vary-312059.framer.app/writing/30-poems-about-life/testigo.html]
[design-vary-312059.framer.app/writing/30-poems-about-life/cura.html]
[design-vary-312059.framer.app/writing/30-poems-about-life/perdido.html]
[design-vary-312059.framer.app/writing/30-poems-about-life/rico.html]
[design-vary-312059.framer.app/writing/30-poems-about-life/mente-y-alma.html]
[design-vary-312059.framer.app/writing/30-poems-about-life/ciencia.html]
[design-vary-312059.framer.app/writing/30-poems-about-life/hoy.html]
[design-vary-312059.framer.app/writing/30-poems-about-life/te-amo.html]
[design-vary-312059.framer.app/writing/30-poems-about-life/lo-que-poseo.html]
[design-vary-312059.framer.app/writing/30-poems-about-life/poeta.html]
